// Jest Snapshot v1, https://goo.gl/fbAQLP

exports[`match snapshot 1`] = `
<div
  className="App"
>
  <div
    style={
      Object {
        "background": "#3f51b5",
        "padding": "8px",
      }
    }
  >
    <h1
      style={
        Object {
          "color": "white",
          "margin": "0",
          "textAlign": "left",
        }
      }
    >
      Post App
    </h1>
  </div>
  <div
    className="MuiBox-root MuiBox-root-8 makeStyles-spinner-6"
    data-testid="post-dashboard"
  >
    <div
      className="MuiCircularProgress-root MuiCircularProgress-colorPrimary MuiCircularProgress-indeterminate"
      role="progressbar"
      style={
        Object {
          "height": 40,
          "width": 40,
        }
      }
    >
      <svg
        className="MuiCircularProgress-svg"
        viewBox="22 22 44 44"
      >
        <circle
          className="MuiCircularProgress-circle MuiCircularProgress-circleIndeterminate"
          cx={44}
          cy={44}
          fill="none"
          r={20.2}
          strokeWidth={3.6}
          style={Object {}}
        />
      </svg>
    </div>
  </div>
</div>
`;
